 0  6 24 
 0  8 51 
 0  9 19 
 0  5 13 
 0  6 40 
 0  7 54 
 0 18 28 
 0  9 50 
