 0 30 47  
 0 30 46  
 0 30 45  
 0 30 42  
 0 30 41  
 0 30 40  
 0 23 30  
 0 19 30  
 0 18 30  
 0 17 30  
 0  9 30  
 0  2 30  
 0  1 30  
