 0 23 38  
 0 23 36  
 0 23 35  
 0 23 34  
 0 23 31  
 0 23 30  
 0 17 23  
 0  9 23  
 0  8 23  
 0  7 23  
 0  6 23  
 0  5 23  
 0  1 23  
