 0  1 57  
 0  1 56  
 0  1 55  
 0  1 53  
 0  1 51  
 0  1 50  
 0  1 39  
 0  1 38  
 0  1 37  
 0  1 36  
 0  1 35  
 0  1 34  
 0  1 33  
 0  1 32  
 0  1 31  
 0  1 30  
 0  1 24  
 0  1 23  
 0  1 22  
 0  1 21  
 0  1 20  
 0  1 13  
 0  1 12  
 0  1 10  
 0  1  9  
 0  1  8  
 0  1  7  
 0  1  6  
 0  1  5  
 0  1  3  
 0  1  2  
