 0  1  2  6 10 12 13 17 18 22 24 27 28 31 33 34 35 37 43 48 50 51 58 59 
 0  1  2  3  5  6  7 14 15 16 22 30 31 32 35 37 43 48 50 52 53 55 58 59 
 0  1  2  5  6  8 10 12 14 15 19 20 24 28 38 40 43 46 48 50 52 53 55 57 
 0  1  2  6  8  9 12 15 19 23 24 26 28 32 34 39 40 41 47 48 51 53 54 57 
 0  1  2  3  5  6  9 10 12 15 22 23 24 34 37 39 41 45 46 47 48 55 56 57 
 0  1  2  5 10 11 17 19 23 25 27 28 31 32 38 43 45 46 47 50 51 53 55 56 
 0  1  2  3  7  8  9 15 16 21 23 27 30 31 32 37 38 39 40 41 45 52 58 59 
 0  1  2  5  6  7 14 16 17 21 25 27 29 32 33 36 38 42 43 44 47 50 54 58 
