 0  1  2 12 18 31 39 41 42 54 55 59 
 0  1  3  5  8 10 22 29 40 45 53 58 
 0  1  2  8  9 19 23 25 35 38 54 57 
 0  1  3  6 10 25 34 42 44 51 55 58 
 0  1  5 10 13 15 20 29 34 48 50 58 
 0  2  5 12 17 28 31 33 39 40 47 59 
 0  1  6  8 13 14 20 29 34 40 45 56 
 0  2  5 11 18 20 26 28 33 46 50 57 
