 0  1  2  3  4  5  6  7  9 11 12 15 18 19 20 22 24 25 27 35 37 38 41 45 49 50 54 56 57 59 
 0  1  2  3  4  5  6  7 13 14 15 18 22 23 27 28 29 31 33 35 37 38 42 43 46 47 48 49 52 54 
 0  1  2  3  6  7  9 12 13 14 15 18 19 20 22 25 27 28 30 35 37 39 40 44 46 49 51 52 57 58 
 0  1  2  3  5  6  7  8 11 15 17 20 23 24 26 29 30 31 32 35 37 38 39 41 44 48 51 52 56 58 
 0  1  2  3  5  7  8 10 11 12 13 19 21 22 23 26 28 30 32 33 35 36 39 46 48 50 51 53 55 59 
 0  1  2  3  5  6  9 10 13 14 17 22 23 24 25 27 29 31 33 35 36 38 40 43 47 49 53 54 57 59 
 0  1  2  3  5  7  9 14 15 20 21 22 26 29 33 37 38 39 42 44 46 47 48 51 52 53 54 56 57 59 
 0  1  2  3  4  5  6  8 11 12 13 14 15 17 19 20 24 27 31 33 36 39 40 44 46 50 51 53 58 59 
